1405-04-27 13:39:35 Layout helper started. NoLaunch=True
1405-04-27 13:39:42 All eight windows are present and stable in the expected rectangles.
2026-07-18 13:41:53 Layout helper started. NoLaunch=False
2026-07-18 13:42:29 All eight windows are present and stable in the expected rectangles.
1405-04-27 13:44:06 Layout helper started. NoLaunch=True
1405-04-27 13:44:13 All eight windows are present and stable in the expected rectangles.
2026-07-18 13:48:03 Layout helper started. NoLaunch=False
2026-07-18 13:48:06 Started elevated Terminal.
2026-07-18 13:48:06 Started elevated Windows Command Center.
2026-07-18 13:48:09 Closed duplicate non-admin window: PowerShell
2026-07-18 13:48:10 Closed duplicate non-admin window: Windows Command Center
2026-07-18 13:48:20 Closed duplicate non-admin window: PowerShell
2026-07-18 13:49:22 Timed out before all eight windows were simultaneously stable.
2026-07-18 13:56:24 Layout helper started. NoLaunch=False
2026-07-18 13:56:24 Started elevated Terminal.
2026-07-18 13:56:24 Started elevated Windows Command Center.
2026-07-18 13:56:44 SetWindowPos failed for Telegram.
2026-07-18 13:57:00 All eight windows are present and stable in the expected rectangles.
2026-07-18 14:01:18 Layout helper started. NoLaunch=False
2026-07-18 14:01:19 Started elevated Terminal.
2026-07-18 14:01:20 Started elevated Windows Command Center.
2026-07-18 14:01:55 All eight windows are present and stable in the expected rectangles.
2026-07-18 14:10:24 Layout helper started. NoLaunch=False
2026-07-18 14:10:26 Started elevated Terminal.
2026-07-18 14:10:26 Started elevated Windows Command Center.
2026-07-18 14:11:13 All eight windows are present and stable in the expected rectangles.
2026-07-18 17:17:50 Layout helper started. NoLaunch=True; ArrangeOnce=True
2026-07-18 17:17:51 All eight windows are present and stable in the expected rectangles.
2026-07-18 17:17:57 Layout helper started. NoLaunch=True; ArrangeOnce=True
2026-07-18 17:17:59 All eight windows are present and stable in the expected rectangles.
2026-07-18 17:18:05 Layout helper started. NoLaunch=True; ArrangeOnce=True
2026-07-18 17:18:06 All eight windows are present and stable in the expected rectangles.
2026-07-18 17:18:43 Layout helper started. NoLaunch=True; ArrangeOnce=True
2026-07-18 17:18:45 All eight windows are present and stable in the expected rectangles.
2026-07-18 17:18:56 Layout helper started. NoLaunch=True; ArrangeOnce=True
2026-07-18 17:18:57 All eight windows are present and stable in the expected rectangles.
2026-07-19 10:42:59 Layout helper started. NoLaunch=False; ArrangeOnce=False
2026-07-19 10:42:59 Started elevated Terminal.
2026-07-19 10:42:59 Started elevated Windows Command Center.
2026-07-19 10:43:35 All eight windows are present and stable in the expected rectangles.
2026-07-20 12:17:53 Layout helper started. NoLaunch=False; ArrangeOnce=False
2026-07-20 12:17:53 Started elevated Terminal.
2026-07-20 12:17:53 Started elevated Windows Command Center.
2026-07-20 12:18:29 All eight windows are present and stable in the expected rectangles.
2026-07-21 12:31:58 Layout helper started. NoLaunch=False; ArrangeOnce=False
2026-07-21 12:32:00 Started elevated Terminal.
2026-07-21 12:32:00 Started elevated Windows Command Center.
2026-07-21 12:33:16 Timed out before all eight windows were simultaneously stable.
2026-07-21 21:41:26 Layout helper started. NoLaunch=False; ArrangeOnce=False
2026-07-21 21:41:26 Started elevated Terminal.
2026-07-21 21:41:26 Started elevated Windows Command Center.
2026-07-21 21:42:04 All eight windows are present and stable in the expected rectangles.
2026-07-22 00:16:02 Layout helper started. NoLaunch=False; ArrangeOnce=False
2026-07-22 00:16:04 Started elevated Terminal.
2026-07-22 00:16:04 Started elevated Windows Command Center.
2026-07-22 00:17:19 Timed out before all eight windows were simultaneously stable.
2026-07-22 12:05:32 Layout helper started. NoLaunch=False; ArrangeOnce=False
2026-07-22 12:05:32 Started elevated Terminal.
2026-07-22 12:05:32 Started elevated Windows Command Center.
2026-07-22 12:06:47 Timed out before all eight windows were simultaneously stable.
2026-07-23 12:27:27 Layout helper started. NoLaunch=False; ArrangeOnce=False
2026-07-23 12:27:27 Started elevated Terminal.
2026-07-23 12:27:27 Started elevated Windows Command Center.
2026-07-23 12:28:42 Timed out before all eight windows were simultaneously stable.
2026-07-24 03:31:45 Layout helper started. NoLaunch=False; ArrangeOnce=False
2026-07-24 03:31:45 Started elevated Terminal.
2026-07-24 03:31:46 Started elevated Windows Command Center.
2026-07-24 03:32:25 All eight windows are present and stable in the expected rectangles.
2026-07-24 13:12:45 Layout helper started. NoLaunch=False; ArrangeOnce=False
2026-07-24 13:12:45 Started elevated Terminal.
2026-07-24 13:12:46 Started elevated Windows Command Center.
2026-07-24 13:14:01 Timed out before all eight windows were simultaneously stable.
2026-07-25 11:25:48 Layout helper started. NoLaunch=False; ArrangeOnce=False
2026-07-25 11:25:49 Started elevated Terminal.
2026-07-25 11:25:49 Started elevated Windows Command Center.
2026-07-25 11:27:05 Timed out before all eight windows were simultaneously stable.
2026-07-26 12:53:58 Layout helper started. NoLaunch=False; ArrangeOnce=False
2026-07-26 12:53:59 Started elevated Terminal.
2026-07-26 12:53:59 Started elevated Windows Command Center.
2026-07-26 12:54:34 All eight windows are present and stable in the expected rectangles.
2026-07-26 14:14:08 Layout helper started. NoLaunch=False; ArrangeOnce=False
2026-07-26 14:14:10 Started elevated Terminal.
2026-07-26 14:14:10 Started elevated Windows Command Center.
2026-07-26 14:15:25 Timed out before all eight windows were simultaneously stable.
2026-07-27 13:51:10 Layout helper started. NoLaunch=False; ArrangeOnce=False
2026-07-27 13:51:12 Started elevated Terminal.
2026-07-27 13:51:12 Started elevated Windows Command Center.
2026-07-27 13:52:11 All eight windows are present and stable in the expected rectangles.
2026-07-28 03:09:08 Layout helper started. NoLaunch=False; ArrangeOnce=False
2026-07-28 03:09:10 Started elevated Terminal.
2026-07-28 03:09:10 Started elevated Windows Command Center.
2026-07-28 03:10:00 All eight windows are present and stable in the expected rectangles.
2026-07-28 14:27:56 Layout helper started. NoLaunch=False; ArrangeOnce=False
2026-07-28 14:27:57 Started elevated Terminal.
2026-07-28 14:27:57 Started elevated Windows Command Center.
2026-07-28 14:28:32 All eight windows are present and stable in the expected rectangles.
2026-07-29 14:02:27 Layout helper started. NoLaunch=False; ArrangeOnce=False
2026-07-29 14:02:28 Started elevated Terminal.
2026-07-29 14:02:28 Started elevated Windows Command Center.
2026-07-29 14:03:19 SetWindowPos failed for File Explorer.
2026-07-29 14:03:44 Timed out before all eight windows were simultaneously stable.
2026-07-29 22:28:40 Layout helper started. NoLaunch=False; ArrangeOnce=False
2026-07-29 22:28:40 Started elevated Terminal.
2026-07-29 22:28:40 Started elevated Windows Command Center.
2026-07-29 22:29:56 Timed out before all eight windows were simultaneously stable.
2026-07-30 02:45:52 Layout helper started. NoLaunch=False; ArrangeOnce=False
2026-07-30 02:45:53 Started elevated Terminal.
2026-07-30 02:45:53 Started elevated Windows Command Center.
2026-07-30 02:46:30 All eight windows are present and stable in the expected rectangles.
2026-07-30 15:19:24 Layout helper started. NoLaunch=False; ArrangeOnce=False
2026-07-30 15:19:25 Started elevated Terminal.
2026-07-30 15:19:25 Started elevated Windows Command Center.
2026-07-30 15:20:04 All eight windows are present and stable in the expected rectangles.
2026-07-30 18:24:56 Layout helper started. NoLaunch=False; ArrangeOnce=False
2026-07-30 18:24:56 Started elevated Terminal.
2026-07-30 18:24:56 Started elevated Windows Command Center.
2026-07-30 18:26:11 Timed out before all eight windows were simultaneously stable.
2026-07-31 02:24:51 Layout helper started. NoLaunch=False; ArrangeOnce=False
2026-07-31 02:24:51 Started elevated Terminal.
2026-07-31 02:24:52 Started elevated Windows Command Center.
2026-07-31 02:26:07 Timed out before all eight windows were simultaneously stable.
2026-08-01 13:20:20 Layout helper started. NoLaunch=False; ArrangeOnce=False
2026-08-01 13:20:21 Started elevated Terminal.
2026-08-01 13:20:21 Started elevated Windows Command Center.
2026-08-01 13:21:37 Timed out before all eight windows were simultaneously stable.
2026-08-02 10:37:11 Layout helper started. NoLaunch=False; ArrangeOnce=False
2026-08-02 10:37:12 Started elevated Terminal.
2026-08-02 10:37:12 Started elevated Windows Command Center.
2026-08-02 10:38:27 Timed out before all eight windows were simultaneously stable.
2026-08-03 09:25:09 Layout helper started. NoLaunch=False; ArrangeOnce=False
2026-08-03 09:25:10 Started elevated Terminal.
2026-08-03 09:25:10 Started elevated Windows Command Center.
2026-08-03 09:26:25 Timed out before all eight windows were simultaneously stable.
2026-08-04 11:19:22 Layout helper started. NoLaunch=False; ArrangeOnce=False
2026-08-04 11:19:23 Started elevated Terminal.
2026-08-04 11:19:23 Started elevated Windows Command Center.
2026-08-04 11:20:39 Timed out before all eight windows were simultaneously stable.
2026-08-05 01:47:59 Layout helper started. NoLaunch=False; ArrangeOnce=False
2026-08-05 01:47:59 Started elevated Terminal.
2026-08-05 01:47:59 Started elevated Windows Command Center.
2026-08-05 01:49:15 Timed out before all eight windows were simultaneously stable.
2026-08-05 14:02:42 Layout helper started. NoLaunch=False; ArrangeOnce=False
2026-08-05 14:02:43 Started elevated Terminal.
2026-08-05 14:02:43 Started elevated Windows Command Center.
2026-08-05 14:03:59 Timed out before all eight windows were simultaneously stable.
2026-08-06 12:38:11 Layout helper started. NoLaunch=False; ArrangeOnce=False
2026-08-06 12:38:11 Started elevated Terminal.
2026-08-06 12:38:11 Started elevated Windows Command Center.
2026-08-06 12:39:27 Timed out before all eight windows were simultaneously stable.
2026-08-07 09:52:45 Layout helper started. NoLaunch=False; ArrangeOnce=False
2026-08-07 09:52:45 Started elevated Terminal.
2026-08-07 09:52:45 Started elevated Windows Command Center.
2026-08-07 09:54:00 Timed out before all eight windows were simultaneously stable.
2026-08-07 21:10:06 Layout helper started. NoLaunch=False; ArrangeOnce=False
2026-08-07 21:10:06 Started elevated Terminal.
2026-08-07 21:10:06 Started elevated Windows Command Center.
2026-08-07 21:11:22 Timed out before all eight windows were simultaneously stable.
2026-08-08 12:58:12 Layout helper started. NoLaunch=False; ArrangeOnce=False
2026-08-08 12:58:13 Started elevated Terminal.
2026-08-08 12:58:13 Started elevated Windows Command Center.
2026-08-08 12:59:28 Timed out before all eight windows were simultaneously stable.
2026-08-09 12:24:15 Layout helper started. NoLaunch=False; ArrangeOnce=False
2026-08-09 12:24:17 Started elevated Terminal.
2026-08-09 12:24:18 Started elevated Windows Command Center.
2026-08-09 12:25:33 Timed out before all eight windows were simultaneously stable.
2026-08-10 13:00:33 Layout helper started. NoLaunch=False; ArrangeOnce=False
2026-08-10 13:00:36 Started elevated Terminal.
2026-08-10 13:00:36 Started elevated Windows Command Center.
2026-08-10 13:01:52 Timed out before all eight windows were simultaneously stable.
2026-08-11 19:17:46 Layout helper started. NoLaunch=False; ArrangeOnce=False
2026-08-11 19:17:46 Started elevated Terminal.
2026-08-11 19:17:46 Started elevated Windows Command Center.
2026-08-11 19:19:02 Timed out before all eight windows were simultaneously stable.
2026-08-12 09:44:45 Layout helper started. NoLaunch=False; ArrangeOnce=False
2026-08-12 09:44:46 Started elevated Terminal.
2026-08-12 09:44:46 Started elevated Windows Command Center.
2026-08-12 09:46:02 Timed out before all eight windows were simultaneously stable.
2026-08-13 13:00:20 Layout helper started. NoLaunch=False; ArrangeOnce=False
2026-08-13 13:00:21 Started elevated Terminal.
2026-08-13 13:00:21 Started elevated Windows Command Center.
2026-08-13 13:01:36 Timed out before all eight windows were simultaneously stable.
2026-08-14 02:47:59 Layout helper started. NoLaunch=False; ArrangeOnce=False
2026-08-14 02:47:59 Started elevated Terminal.
2026-08-14 02:48:00 Started elevated Windows Command Center.
2026-08-14 02:49:15 Timed out before all eight windows were simultaneously stable.
2026-08-14 17:06:09 Layout helper started. NoLaunch=False; ArrangeOnce=False
2026-08-14 17:06:09 Started elevated Terminal.
2026-08-14 17:06:09 Started elevated Windows Command Center.
2026-08-14 17:06:56 All eight windows are present and stable in the expected rectangles.
2026-08-15 13:19:50 Layout helper started. NoLaunch=False; ArrangeOnce=False
2026-08-15 13:19:51 Started elevated Terminal.
2026-08-15 13:19:52 Started elevated Windows Command Center.
2026-08-15 13:20:35 All eight windows are present and stable in the expected rectangles.
